#! /c/Source/iverilog-install/bin/vvp
:ivl_version "14.0 (devel)";
:ivl_delay_selection "TYPICAL";
:vpi_time_precision - 12;
:vpi_module "C:\iverilog\lib\ivl\system.vpi";
:vpi_module "C:\iverilog\lib\ivl\vhdl_sys.vpi";
:vpi_module "C:\iverilog\lib\ivl\vhdl_textio.vpi";
:vpi_module "C:\iverilog\lib\ivl\v2005_math.vpi";
:vpi_module "C:\iverilog\lib\ivl\va_math.vpi";
S_000001F8E9EF67C0 .scope module, "tb_semaforo" "tb_semaforo" 2 3;
 .timescale -9 -12;
v000001F8E9F061C0_0 .var "clk", 0 0;
v000001F8E9F059A0_0 .net "green", 0 0, v000001F8E9F100B0_0;  1 drivers
v000001F8E9F05A40_0 .net "red", 0 0, v000001F8E9F56D80_0;  1 drivers
v000001F8E9F06260_0 .var "rst", 0 0;
v000001F8E9F05860_0 .net "yellow", 0 0, v000001F8E9F06120_0;  1 drivers
S_000001F8E9F0FCB0 .scope module, "uut" "semaforo" 2 12, 3 1 0, S_000001F8E9EF67C0;
 .timescale 0 0;
    .port_info 0 /INPUT 1 "clk";
    .port_info 1 /INPUT 1 "rst";
    .port_info 2 /OUTPUT 1 "green";
    .port_info 3 /OUTPUT 1 "yellow";
    .port_info 4 /OUTPUT 1 "red";
P_000001F8E9F0FE40 .param/l "S0_GREEN" 1 3 10, C4<00>;
P_000001F8E9F0FE78 .param/l "S1_YELLOW" 1 3 11, C4<01>;
P_000001F8E9F0FEB0 .param/l "S2_RED" 1 3 12, C4<10>;
v000001F8E9F0FF70_0 .net "clk", 0 0, v000001F8E9F061C0_0;  1 drivers
v000001F8E9F10010_0 .var "count", 2 0;
v000001F8E9F100B0_0 .var "green", 0 0;
v000001F8E9F56C40_0 .var "next_count", 2 0;
v000001F8E9F56CE0_0 .var "next_state", 1 0;
v000001F8E9F56D80_0 .var "red", 0 0;
v000001F8E9F56E20_0 .net "rst", 0 0, v000001F8E9F06260_0;  1 drivers
v000001F8E9F055E0_0 .var "state", 1 0;
v000001F8E9F06120_0 .var "yellow", 0 0;
E_000001F8E9EF2E70 .event anyedge, v000001F8E9F055E0_0;
E_000001F8E9EF3430 .event anyedge, v000001F8E9F055E0_0, v000001F8E9F10010_0;
E_000001F8E9EF2DB0 .event posedge, v000001F8E9F56E20_0, v000001F8E9F0FF70_0;
    .scope S_000001F8E9F0FCB0;
T_0 ;
    %wait E_000001F8E9EF2DB0;
    %load/vec4 v000001F8E9F56E20_0;
    %flag_set/vec4 8;
    %jmp/0xz  T_0.0, 8;
    %pushi/vec4 0, 0, 2;
    %assign/vec4 v000001F8E9F055E0_0, 0;
    %pushi/vec4 0, 0, 3;
    %assign/vec4 v000001F8E9F10010_0, 0;
    %jmp T_0.1;
T_0.0 ;
    %load/vec4 v000001F8E9F56CE0_0;
    %assign/vec4 v000001F8E9F055E0_0, 0;
    %load/vec4 v000001F8E9F56C40_0;
    %assign/vec4 v000001F8E9F10010_0, 0;
T_0.1 ;
    %jmp T_0;
    .thread T_0;
    .scope S_000001F8E9F0FCB0;
T_1 ;
    %wait E_000001F8E9EF3430;
    %load/vec4 v000001F8E9F055E0_0;
    %store/vec4 v000001F8E9F56CE0_0, 0, 2;
    %load/vec4 v000001F8E9F10010_0;
    %addi 1, 0, 3;
    %store/vec4 v000001F8E9F56C40_0, 0, 3;
    %load/vec4 v000001F8E9F055E0_0;
    %dup/vec4;
    %pushi/vec4 0, 0, 2;
    %cmp/e;
    %jmp/1 T_1.0, 6;
    %dup/vec4;
    %pushi/vec4 1, 0, 2;
    %cmp/e;
    %jmp/1 T_1.1, 6;
    %dup/vec4;
    %pushi/vec4 2, 0, 2;
    %cmp/e;
    %jmp/1 T_1.2, 6;
    %pushi/vec4 0, 0, 2;
    %store/vec4 v000001F8E9F56CE0_0, 0, 2;
    %pushi/vec4 0, 0, 3;
    %store/vec4 v000001F8E9F56C40_0, 0, 3;
    %jmp T_1.4;
T_1.0 ;
    %load/vec4 v000001F8E9F10010_0;
    %cmpi/e 4, 0, 3;
    %jmp/0xz  T_1.5, 4;
    %pushi/vec4 1, 0, 2;
    %store/vec4 v000001F8E9F56CE0_0, 0, 2;
    %pushi/vec4 0, 0, 3;
    %store/vec4 v000001F8E9F56C40_0, 0, 3;
T_1.5 ;
    %jmp T_1.4;
T_1.1 ;
    %load/vec4 v000001F8E9F10010_0;
    %cmpi/e 1, 0, 3;
    %jmp/0xz  T_1.7, 4;
    %pushi/vec4 2, 0, 2;
    %store/vec4 v000001F8E9F56CE0_0, 0, 2;
    %pushi/vec4 0, 0, 3;
    %store/vec4 v000001F8E9F56C40_0, 0, 3;
T_1.7 ;
    %jmp T_1.4;
T_1.2 ;
    %load/vec4 v000001F8E9F10010_0;
    %cmpi/e 3, 0, 3;
    %jmp/0xz  T_1.9, 4;
    %pushi/vec4 0, 0, 2;
    %store/vec4 v000001F8E9F56CE0_0, 0, 2;
    %pushi/vec4 0, 0, 3;
    %store/vec4 v000001F8E9F56C40_0, 0, 3;
T_1.9 ;
    %jmp T_1.4;
T_1.4 ;
    %pop/vec4 1;
    %jmp T_1;
    .thread T_1, $push;
    .scope S_000001F8E9F0FCB0;
T_2 ;
    %wait E_000001F8E9EF2E70;
    %load/vec4 v000001F8E9F055E0_0;
    %pushi/vec4 0, 0, 2;
    %cmp/e;
    %flag_get/vec4 4;
    %store/vec4 v000001F8E9F100B0_0, 0, 1;
    %load/vec4 v000001F8E9F055E0_0;
    %pushi/vec4 1, 0, 2;
    %cmp/e;
    %flag_get/vec4 4;
    %store/vec4 v000001F8E9F06120_0, 0, 1;
    %load/vec4 v000001F8E9F055E0_0;
    %pushi/vec4 2, 0, 2;
    %cmp/e;
    %flag_get/vec4 4;
    %store/vec4 v000001F8E9F56D80_0, 0, 1;
    %jmp T_2;
    .thread T_2, $push;
    .scope S_000001F8E9EF67C0;
T_3 ;
    %delay 5000, 0;
    %load/vec4 v000001F8E9F061C0_0;
    %inv;
    %store/vec4 v000001F8E9F061C0_0, 0, 1;
    %jmp T_3;
    .thread T_3;
    .scope S_000001F8E9EF67C0;
T_4 ;
    %vpi_call 2 25 "$dumpfile", "semaforo.vcd" {0 0 0};
    %vpi_call 2 26 "$dumpvars", 32'sb00000000000000000000000000000000, S_000001F8E9EF67C0 {0 0 0};
    %pushi/vec4 0, 0, 1;
    %store/vec4 v000001F8E9F061C0_0, 0, 1;
    %pushi/vec4 1, 0, 1;
    %store/vec4 v000001F8E9F06260_0, 0, 1;
    %delay 20000, 0;
    %pushi/vec4 0, 0, 1;
    %store/vec4 v000001F8E9F06260_0, 0, 1;
    %delay 200000, 0;
    %vpi_call 2 38 "$finish" {0 0 0};
    %end;
    .thread T_4;
# The file index is used to find the file name in the following table.
:file_names 4;
    "N/A";
    "<interactive>";
    "tb_semaforo.v";
    "semaforo.v";
