#! /c/Source/iverilog-install/bin/vvp
:ivl_version "14.0 (devel)";
:ivl_delay_selection "TYPICAL";
:vpi_time_precision - 12;
:vpi_module "C:\iverilog\lib\ivl\system.vpi";
:vpi_module "C:\iverilog\lib\ivl\vhdl_sys.vpi";
:vpi_module "C:\iverilog\lib\ivl\vhdl_textio.vpi";
:vpi_module "C:\iverilog\lib\ivl\v2005_math.vpi";
:vpi_module "C:\iverilog\lib\ivl\va_math.vpi";
S_000001B6AEA9C640 .scope module, "tb_serial_tx" "tb_serial_tx" 2 3;
 .timescale -9 -12;
P_000001B6AEA98BA0 .param/l "CLKS_PER_BIT" 0 2 5, +C4<00000000000000000000000000001000>;
v000001B6AEB05AE0_0 .net "busy", 0 0, v000001B6AEA97170_0;  1 drivers
v000001B6AEB05220_0 .var "clk", 0 0;
v000001B6AEB05EA0_0 .var "data_in", 7 0;
v000001B6AEB05400_0 .net "done", 0 0, v000001B6AEAA6890_0;  1 drivers
v000001B6AEB05680_0 .var "rst", 0 0;
v000001B6AEB05180_0 .var "start", 0 0;
v000001B6AEB05720_0 .net "tx", 0 0, v000001B6AEB05860_0;  1 drivers
E_000001B6AEA99360 .event anyedge, v000001B6AEAA6890_0;
S_000001B6AEA9C7D0 .scope module, "uut" "serial_tx" 2 21, 3 1 0, S_000001B6AEA9C640;
 .timescale 0 0;
    .port_info 0 /INPUT 1 "clk";
    .port_info 1 /INPUT 1 "rst";
    .port_info 2 /INPUT 1 "start";
    .port_info 3 /INPUT 8 "data_in";
    .port_info 4 /OUTPUT 1 "tx";
    .port_info 5 /OUTPUT 1 "busy";
    .port_info 6 /OUTPUT 1 "done";
P_000001B6AEA9C960 .param/l "CLKS_PER_BIT" 0 3 2, +C4<00000000000000000000000000001000>;
P_000001B6AEA9C998 .param/l "S0_IDLE" 1 3 14, C4<000>;
P_000001B6AEA9C9D0 .param/l "S1_LOAD" 1 3 15, C4<001>;
P_000001B6AEA9CA08 .param/l "S2_BIT_HOLD" 1 3 16, C4<010>;
P_000001B6AEA9CA40 .param/l "S3_SHIFT_NEXT" 1 3 17, C4<011>;
P_000001B6AEA9CA78 .param/l "S4_DONE" 1 3 18, C4<100>;
v000001B6AEA9C500_0 .var "bit_cnt", 2 0;
v000001B6AEA97170_0 .var "busy", 0 0;
v000001B6AEA6EBF0_0 .net "clk", 0 0, v000001B6AEB05220_0;  1 drivers
v000001B6AEAA67F0_0 .net "data_in", 7 0, v000001B6AEB05EA0_0;  1 drivers
v000001B6AEAA6890_0 .var "done", 0 0;
v000001B6AEAA6930_0 .var "next_state", 2 0;
v000001B6AEAA69D0_0 .net "rst", 0 0, v000001B6AEB05680_0;  1 drivers
v000001B6AEAA6A70_0 .var "shift_reg", 7 0;
v000001B6AEB050E0_0 .net "start", 0 0, v000001B6AEB05180_0;  1 drivers
v000001B6AEB054A0_0 .var "state", 2 0;
v000001B6AEB04FA0_0 .var "tick_cnt", 2 0;
v000001B6AEB05860_0 .var "tx", 0 0;
E_000001B6AEA98BE0 .event posedge, v000001B6AEAA69D0_0, v000001B6AEA6EBF0_0;
E_000001B6AEA993A0 .event anyedge, v000001B6AEB054A0_0, v000001B6AEB050E0_0, v000001B6AEB04FA0_0, v000001B6AEA9C500_0;
    .scope S_000001B6AEA9C7D0;
T_0 ;
    %wait E_000001B6AEA98BE0;
    %load/vec4 v000001B6AEAA69D0_0;
    %flag_set/vec4 8;
    %jmp/0xz  T_0.0, 8;
    %pushi/vec4 0, 0, 3;
    %assign/vec4 v000001B6AEB054A0_0, 0;
    %jmp T_0.1;
T_0.0 ;
    %load/vec4 v000001B6AEAA6930_0;
    %assign/vec4 v000001B6AEB054A0_0, 0;
T_0.1 ;
    %jmp T_0;
    .thread T_0;
    .scope S_000001B6AEA9C7D0;
T_1 ;
    %wait E_000001B6AEA993A0;
    %load/vec4 v000001B6AEB054A0_0;
    %dup/vec4;
    %pushi/vec4 0, 0, 3;
    %cmp/e;
    %jmp/1 T_1.0, 6;
    %dup/vec4;
    %pushi/vec4 1, 0, 3;
    %cmp/e;
    %jmp/1 T_1.1, 6;
    %dup/vec4;
    %pushi/vec4 2, 0, 3;
    %cmp/e;
    %jmp/1 T_1.2, 6;
    %dup/vec4;
    %pushi/vec4 3, 0, 3;
    %cmp/e;
    %jmp/1 T_1.3, 6;
    %dup/vec4;
    %pushi/vec4 4, 0, 3;
    %cmp/e;
    %jmp/1 T_1.4, 6;
    %pushi/vec4 0, 0, 3;
    %store/vec4 v000001B6AEAA6930_0, 0, 3;
    %jmp T_1.6;
T_1.0 ;
    %load/vec4 v000001B6AEB050E0_0;
    %flag_set/vec4 8;
    %jmp/0 T_1.7, 8;
    %pushi/vec4 1, 0, 3;
    %jmp/1 T_1.8, 8;
T_1.7 ; End of true expr.
    %pushi/vec4 0, 0, 3;
    %jmp/0 T_1.8, 8;
 ; End of false expr.
    %blend;
T_1.8;
    %store/vec4 v000001B6AEAA6930_0, 0, 3;
    %jmp T_1.6;
T_1.1 ;
    %pushi/vec4 2, 0, 3;
    %store/vec4 v000001B6AEAA6930_0, 0, 3;
    %jmp T_1.6;
T_1.2 ;
    %load/vec4 v000001B6AEB04FA0_0;
    %pad/u 32;
    %cmpi/e 7, 0, 32;
    %flag_mov 8, 4;
    %jmp/0 T_1.9, 8;
    %pushi/vec4 3, 0, 3;
    %jmp/1 T_1.10, 8;
T_1.9 ; End of true expr.
    %pushi/vec4 2, 0, 3;
    %jmp/0 T_1.10, 8;
 ; End of false expr.
    %blend;
T_1.10;
    %store/vec4 v000001B6AEAA6930_0, 0, 3;
    %jmp T_1.6;
T_1.3 ;
    %load/vec4 v000001B6AEA9C500_0;
    %cmpi/e 7, 0, 3;
    %flag_mov 8, 4;
    %jmp/0 T_1.11, 8;
    %pushi/vec4 4, 0, 3;
    %jmp/1 T_1.12, 8;
T_1.11 ; End of true expr.
    %pushi/vec4 2, 0, 3;
    %jmp/0 T_1.12, 8;
 ; End of false expr.
    %blend;
T_1.12;
    %store/vec4 v000001B6AEAA6930_0, 0, 3;
    %jmp T_1.6;
T_1.4 ;
    %pushi/vec4 0, 0, 3;
    %store/vec4 v000001B6AEAA6930_0, 0, 3;
    %jmp T_1.6;
T_1.6 ;
    %pop/vec4 1;
    %jmp T_1;
    .thread T_1, $push;
    .scope S_000001B6AEA9C7D0;
T_2 ;
    %wait E_000001B6AEA98BE0;
    %load/vec4 v000001B6AEAA69D0_0;
    %flag_set/vec4 8;
    %jmp/0xz  T_2.0, 8;
    %pushi/vec4 0, 0, 8;
    %assign/vec4 v000001B6AEAA6A70_0, 0;
    %pushi/vec4 0, 0, 3;
    %assign/vec4 v000001B6AEA9C500_0, 0;
    %pushi/vec4 0, 0, 3;
    %assign/vec4 v000001B6AEB04FA0_0, 0;
    %pushi/vec4 1, 0, 1;
    %assign/vec4 v000001B6AEB05860_0, 0;
    %pushi/vec4 0, 0, 1;
    %assign/vec4 v000001B6AEA97170_0, 0;
    %pushi/vec4 0, 0, 1;
    %assign/vec4 v000001B6AEAA6890_0, 0;
    %jmp T_2.1;
T_2.0 ;
    %load/vec4 v000001B6AEB054A0_0;
    %dup/vec4;
    %pushi/vec4 0, 0, 3;
    %cmp/e;
    %jmp/1 T_2.2, 6;
    %dup/vec4;
    %pushi/vec4 1, 0, 3;
    %cmp/e;
    %jmp/1 T_2.3, 6;
    %dup/vec4;
    %pushi/vec4 2, 0, 3;
    %cmp/e;
    %jmp/1 T_2.4, 6;
    %dup/vec4;
    %pushi/vec4 3, 0, 3;
    %cmp/e;
    %jmp/1 T_2.5, 6;
    %dup/vec4;
    %pushi/vec4 4, 0, 3;
    %cmp/e;
    %jmp/1 T_2.6, 6;
    %jmp T_2.7;
T_2.2 ;
    %pushi/vec4 1, 0, 1;
    %assign/vec4 v000001B6AEB05860_0, 0;
    %pushi/vec4 0, 0, 1;
    %assign/vec4 v000001B6AEA97170_0, 0;
    %pushi/vec4 0, 0, 1;
    %assign/vec4 v000001B6AEAA6890_0, 0;
    %jmp T_2.7;
T_2.3 ;
    %load/vec4 v000001B6AEAA67F0_0;
    %assign/vec4 v000001B6AEAA6A70_0, 0;
    %pushi/vec4 0, 0, 3;
    %assign/vec4 v000001B6AEA9C500_0, 0;
    %pushi/vec4 0, 0, 3;
    %assign/vec4 v000001B6AEB04FA0_0, 0;
    %pushi/vec4 1, 0, 1;
    %assign/vec4 v000001B6AEA97170_0, 0;
    %pushi/vec4 1, 0, 1;
    %assign/vec4 v000001B6AEB05860_0, 0;
    %pushi/vec4 0, 0, 1;
    %assign/vec4 v000001B6AEAA6890_0, 0;
    %jmp T_2.7;
T_2.4 ;
    %load/vec4 v000001B6AEAA6A70_0;
    %parti/s 1, 0, 2;
    %assign/vec4 v000001B6AEB05860_0, 0;
    %pushi/vec4 1, 0, 1;
    %assign/vec4 v000001B6AEA97170_0, 0;
    %pushi/vec4 0, 0, 1;
    %assign/vec4 v000001B6AEAA6890_0, 0;
    %load/vec4 v000001B6AEB04FA0_0;
    %pad/u 32;
    %cmpi/u 7, 0, 32;
    %jmp/0xz  T_2.8, 5;
    %load/vec4 v000001B6AEB04FA0_0;
    %addi 1, 0, 3;
    %assign/vec4 v000001B6AEB04FA0_0, 0;
T_2.8 ;
    %jmp T_2.7;
T_2.5 ;
    %load/vec4 v000001B6AEAA6A70_0;
    %parti/s 1, 0, 2;
    %assign/vec4 v000001B6AEB05860_0, 0;
    %pushi/vec4 1, 0, 1;
    %assign/vec4 v000001B6AEA97170_0, 0;
    %pushi/vec4 0, 0, 1;
    %assign/vec4 v000001B6AEAA6890_0, 0;
    %load/vec4 v000001B6AEAA6A70_0;
    %ix/load 4, 1, 0;
    %flag_set/imm 4, 0;
    %shiftr 4;
    %assign/vec4 v000001B6AEAA6A70_0, 0;
    %load/vec4 v000001B6AEA9C500_0;
    %addi 1, 0, 3;
    %assign/vec4 v000001B6AEA9C500_0, 0;
    %pushi/vec4 0, 0, 3;
    %assign/vec4 v000001B6AEB04FA0_0, 0;
    %jmp T_2.7;
T_2.6 ;
    %pushi/vec4 1, 0, 1;
    %assign/vec4 v000001B6AEB05860_0, 0;
    %pushi/vec4 0, 0, 1;
    %assign/vec4 v000001B6AEA97170_0, 0;
    %pushi/vec4 1, 0, 1;
    %assign/vec4 v000001B6AEAA6890_0, 0;
    %jmp T_2.7;
T_2.7 ;
    %pop/vec4 1;
T_2.1 ;
    %jmp T_2;
    .thread T_2;
    .scope S_000001B6AEA9C640;
T_3 ;
    %delay 5000, 0;
    %load/vec4 v000001B6AEB05220_0;
    %inv;
    %store/vec4 v000001B6AEB05220_0, 0, 1;
    %jmp T_3;
    .thread T_3;
    .scope S_000001B6AEA9C640;
T_4 ;
    %vpi_call 2 36 "$dumpfile", "wave.vcd" {0 0 0};
    %vpi_call 2 37 "$dumpvars", 32'sb00000000000000000000000000000000, S_000001B6AEA9C640 {0 0 0};
    %pushi/vec4 0, 0, 1;
    %store/vec4 v000001B6AEB05220_0, 0, 1;
    %pushi/vec4 1, 0, 1;
    %store/vec4 v000001B6AEB05680_0, 0, 1;
    %pushi/vec4 0, 0, 1;
    %store/vec4 v000001B6AEB05180_0, 0, 1;
    %pushi/vec4 0, 0, 8;
    %store/vec4 v000001B6AEB05EA0_0, 0, 8;
    %delay 20000, 0;
    %pushi/vec4 0, 0, 1;
    %store/vec4 v000001B6AEB05680_0, 0, 1;
    %delay 20000, 0;
    %pushi/vec4 165, 0, 8;
    %store/vec4 v000001B6AEB05EA0_0, 0, 8;
    %pushi/vec4 1, 0, 1;
    %store/vec4 v000001B6AEB05180_0, 0, 1;
    %delay 10000, 0;
    %pushi/vec4 0, 0, 1;
    %store/vec4 v000001B6AEB05180_0, 0, 1;
T_4.0 ;
    %load/vec4 v000001B6AEB05400_0;
    %cmpi/ne 1, 0, 1;
    %jmp/0xz T_4.1, 6;
    %wait E_000001B6AEA99360;
    %jmp T_4.0;
T_4.1 ;
    %delay 30000, 0;
    %pushi/vec4 60, 0, 8;
    %store/vec4 v000001B6AEB05EA0_0, 0, 8;
    %pushi/vec4 1, 0, 1;
    %store/vec4 v000001B6AEB05180_0, 0, 1;
    %delay 10000, 0;
    %pushi/vec4 0, 0, 1;
    %store/vec4 v000001B6AEB05180_0, 0, 1;
T_4.2 ;
    %load/vec4 v000001B6AEB05400_0;
    %cmpi/ne 1, 0, 1;
    %jmp/0xz T_4.3, 6;
    %wait E_000001B6AEA99360;
    %jmp T_4.2;
T_4.3 ;
    %delay 50000, 0;
    %vpi_call 2 68 "$display", "Simulaci\303\263n completada exitosamente." {0 0 0};
    %vpi_call 2 69 "$finish" {0 0 0};
    %end;
    .thread T_4;
# The file index is used to find the file name in the following table.
:file_names 4;
    "N/A";
    "<interactive>";
    "tb_serial_tx.v";
    "serial_tx.v";
