#! /c/Source/iverilog-install/bin/vvp
:ivl_version "14.0 (devel)";
:ivl_delay_selection "TYPICAL";
:vpi_time_precision - 12;
:vpi_module "C:\iverilog\lib\ivl\system.vpi";
:vpi_module "C:\iverilog\lib\ivl\vhdl_sys.vpi";
:vpi_module "C:\iverilog\lib\ivl\vhdl_textio.vpi";
:vpi_module "C:\iverilog\lib\ivl\v2005_math.vpi";
:vpi_module "C:\iverilog\lib\ivl\va_math.vpi";
S_000001EC0CA36F50 .scope module, "tb_accumulator" "tb_accumulator" 2 3;
 .timescale -9 -12;
v000001EC0CA9CD00_0 .net "acc", 5 0, v000001EC0CA33820_0;  1 drivers
v000001EC0CA9CE40_0 .var "clk", 0 0;
v000001EC0CA9C760_0 .net "done", 0 0, v000001EC0CA45CB0_0;  1 drivers
v000001EC0CA9C800_0 .var "rst", 0 0;
v000001EC0CA9CDA0_0 .var "start", 0 0;
v000001EC0CA9C120_0 .var "x", 3 0;
E_000001EC0CA51DD0 .event anyedge, v000001EC0CA45CB0_0;
S_000001EC0CA370E0 .scope module, "uut" "accumulator" 2 16, 3 1 0, S_000001EC0CA36F50;
 .timescale 0 0;
    .port_info 0 /INPUT 1 "clk";
    .port_info 1 /INPUT 1 "rst";
    .port_info 2 /INPUT 1 "start";
    .port_info 3 /INPUT 4 "x";
    .port_info 4 /OUTPUT 6 "acc";
    .port_info 5 /OUTPUT 1 "done";
P_000001EC0CA37270 .param/l "S0_IDLE" 1 3 11, C4<00>;
P_000001EC0CA372A8 .param/l "S1_LOAD" 1 3 12, C4<01>;
P_000001EC0CA372E0 .param/l "S2_ADD" 1 3 13, C4<10>;
P_000001EC0CA37318 .param/l "S3_DONE" 1 3 14, C4<11>;
v000001EC0CA33820_0 .var "acc", 5 0;
v000001EC0CA35CA0_0 .net "clk", 0 0, v000001EC0CA9CE40_0;  1 drivers
v000001EC0CA50040_0 .var "cnt", 1 0;
v000001EC0CA45CB0_0 .var "done", 0 0;
v000001EC0CA9CEE0_0 .var "next_state", 1 0;
v000001EC0CA9BFE0_0 .net "rst", 0 0, v000001EC0CA9C800_0;  1 drivers
v000001EC0CA9C080_0 .net "start", 0 0, v000001EC0CA9CDA0_0;  1 drivers
v000001EC0CA9C6C0_0 .var "state", 1 0;
v000001EC0CA9C3A0_0 .net "x", 3 0, v000001EC0CA9C120_0;  1 drivers
E_000001EC0CA51F90 .event posedge, v000001EC0CA9BFE0_0, v000001EC0CA35CA0_0;
E_000001EC0CA515D0 .event anyedge, v000001EC0CA9C6C0_0, v000001EC0CA9C080_0, v000001EC0CA50040_0;
    .scope S_000001EC0CA370E0;
T_0 ;
    %wait E_000001EC0CA51F90;
    %load/vec4 v000001EC0CA9BFE0_0;
    %flag_set/vec4 8;
    %jmp/0xz  T_0.0, 8;
    %pushi/vec4 0, 0, 2;
    %assign/vec4 v000001EC0CA9C6C0_0, 0;
    %jmp T_0.1;
T_0.0 ;
    %load/vec4 v000001EC0CA9CEE0_0;
    %assign/vec4 v000001EC0CA9C6C0_0, 0;
T_0.1 ;
    %jmp T_0;
    .thread T_0;
    .scope S_000001EC0CA370E0;
T_1 ;
    %wait E_000001EC0CA515D0;
    %load/vec4 v000001EC0CA9C6C0_0;
    %dup/vec4;
    %pushi/vec4 0, 0, 2;
    %cmp/e;
    %jmp/1 T_1.0, 6;
    %dup/vec4;
    %pushi/vec4 1, 0, 2;
    %cmp/e;
    %jmp/1 T_1.1, 6;
    %dup/vec4;
    %pushi/vec4 2, 0, 2;
    %cmp/e;
    %jmp/1 T_1.2, 6;
    %dup/vec4;
    %pushi/vec4 3, 0, 2;
    %cmp/e;
    %jmp/1 T_1.3, 6;
    %pushi/vec4 0, 0, 2;
    %store/vec4 v000001EC0CA9CEE0_0, 0, 2;
    %jmp T_1.5;
T_1.0 ;
    %load/vec4 v000001EC0CA9C080_0;
    %flag_set/vec4 8;
    %jmp/0 T_1.6, 8;
    %pushi/vec4 1, 0, 2;
    %jmp/1 T_1.7, 8;
T_1.6 ; End of true expr.
    %pushi/vec4 0, 0, 2;
    %jmp/0 T_1.7, 8;
 ; End of false expr.
    %blend;
T_1.7;
    %store/vec4 v000001EC0CA9CEE0_0, 0, 2;
    %jmp T_1.5;
T_1.1 ;
    %pushi/vec4 2, 0, 2;
    %store/vec4 v000001EC0CA9CEE0_0, 0, 2;
    %jmp T_1.5;
T_1.2 ;
    %load/vec4 v000001EC0CA50040_0;
    %cmpi/e 3, 0, 2;
    %flag_mov 8, 4;
    %jmp/0 T_1.8, 8;
    %pushi/vec4 3, 0, 2;
    %jmp/1 T_1.9, 8;
T_1.8 ; End of true expr.
    %pushi/vec4 2, 0, 2;
    %jmp/0 T_1.9, 8;
 ; End of false expr.
    %blend;
T_1.9;
    %store/vec4 v000001EC0CA9CEE0_0, 0, 2;
    %jmp T_1.5;
T_1.3 ;
    %pushi/vec4 0, 0, 2;
    %store/vec4 v000001EC0CA9CEE0_0, 0, 2;
    %jmp T_1.5;
T_1.5 ;
    %pop/vec4 1;
    %jmp T_1;
    .thread T_1, $push;
    .scope S_000001EC0CA370E0;
T_2 ;
    %wait E_000001EC0CA51F90;
    %load/vec4 v000001EC0CA9BFE0_0;
    %flag_set/vec4 8;
    %jmp/0xz  T_2.0, 8;
    %pushi/vec4 0, 0, 6;
    %assign/vec4 v000001EC0CA33820_0, 0;
    %pushi/vec4 0, 0, 2;
    %assign/vec4 v000001EC0CA50040_0, 0;
    %pushi/vec4 0, 0, 1;
    %assign/vec4 v000001EC0CA45CB0_0, 0;
    %jmp T_2.1;
T_2.0 ;
    %load/vec4 v000001EC0CA9C6C0_0;
    %dup/vec4;
    %pushi/vec4 0, 0, 2;
    %cmp/e;
    %jmp/1 T_2.2, 6;
    %dup/vec4;
    %pushi/vec4 1, 0, 2;
    %cmp/e;
    %jmp/1 T_2.3, 6;
    %dup/vec4;
    %pushi/vec4 2, 0, 2;
    %cmp/e;
    %jmp/1 T_2.4, 6;
    %dup/vec4;
    %pushi/vec4 3, 0, 2;
    %cmp/e;
    %jmp/1 T_2.5, 6;
    %jmp T_2.6;
T_2.2 ;
    %pushi/vec4 0, 0, 1;
    %assign/vec4 v000001EC0CA45CB0_0, 0;
    %jmp T_2.6;
T_2.3 ;
    %pushi/vec4 0, 0, 6;
    %assign/vec4 v000001EC0CA33820_0, 0;
    %pushi/vec4 0, 0, 2;
    %assign/vec4 v000001EC0CA50040_0, 0;
    %pushi/vec4 0, 0, 1;
    %assign/vec4 v000001EC0CA45CB0_0, 0;
    %jmp T_2.6;
T_2.4 ;
    %load/vec4 v000001EC0CA33820_0;
    %load/vec4 v000001EC0CA9C3A0_0;
    %pad/u 6;
    %add;
    %assign/vec4 v000001EC0CA33820_0, 0;
    %load/vec4 v000001EC0CA50040_0;
    %addi 1, 0, 2;
    %assign/vec4 v000001EC0CA50040_0, 0;
    %pushi/vec4 0, 0, 1;
    %assign/vec4 v000001EC0CA45CB0_0, 0;
    %jmp T_2.6;
T_2.5 ;
    %pushi/vec4 1, 0, 1;
    %assign/vec4 v000001EC0CA45CB0_0, 0;
    %jmp T_2.6;
T_2.6 ;
    %pop/vec4 1;
T_2.1 ;
    %jmp T_2;
    .thread T_2;
    .scope S_000001EC0CA36F50;
T_3 ;
    %delay 5000, 0;
    %load/vec4 v000001EC0CA9CE40_0;
    %inv;
    %store/vec4 v000001EC0CA9CE40_0, 0, 1;
    %jmp T_3;
    .thread T_3;
    .scope S_000001EC0CA36F50;
T_4 ;
    %vpi_call 2 30 "$dumpfile", "accumulator.vcd" {0 0 0};
    %vpi_call 2 31 "$dumpvars", 32'sb00000000000000000000000000000000, S_000001EC0CA36F50 {0 0 0};
    %pushi/vec4 0, 0, 1;
    %store/vec4 v000001EC0CA9CE40_0, 0, 1;
    %pushi/vec4 1, 0, 1;
    %store/vec4 v000001EC0CA9C800_0, 0, 1;
    %pushi/vec4 0, 0, 1;
    %store/vec4 v000001EC0CA9CDA0_0, 0, 1;
    %pushi/vec4 0, 0, 4;
    %store/vec4 v000001EC0CA9C120_0, 0, 4;
    %delay 15000, 0;
    %pushi/vec4 0, 0, 1;
    %store/vec4 v000001EC0CA9C800_0, 0, 1;
    %delay 10000, 0;
    %pushi/vec4 5, 0, 4;
    %store/vec4 v000001EC0CA9C120_0, 0, 4;
    %pushi/vec4 1, 0, 1;
    %store/vec4 v000001EC0CA9CDA0_0, 0, 1;
    %delay 10000, 0;
    %pushi/vec4 0, 0, 1;
    %store/vec4 v000001EC0CA9CDA0_0, 0, 1;
T_4.0 ;
    %load/vec4 v000001EC0CA9C760_0;
    %cmpi/ne 1, 0, 1;
    %jmp/0xz T_4.1, 6;
    %wait E_000001EC0CA51DD0;
    %jmp T_4.0;
T_4.1 ;
    %delay 20000, 0;
    %pushi/vec4 3, 0, 4;
    %store/vec4 v000001EC0CA9C120_0, 0, 4;
    %pushi/vec4 1, 0, 1;
    %store/vec4 v000001EC0CA9CDA0_0, 0, 1;
    %delay 10000, 0;
    %pushi/vec4 0, 0, 1;
    %store/vec4 v000001EC0CA9CDA0_0, 0, 1;
T_4.2 ;
    %load/vec4 v000001EC0CA9C760_0;
    %cmpi/ne 1, 0, 1;
    %jmp/0xz T_4.3, 6;
    %wait E_000001EC0CA51DD0;
    %jmp T_4.2;
T_4.3 ;
    %delay 30000, 0;
    %vpi_call 2 63 "$display", "Simulaci\303\263n completada con \303\251xito." {0 0 0};
    %vpi_call 2 64 "$finish" {0 0 0};
    %end;
    .thread T_4;
# The file index is used to find the file name in the following table.
:file_names 4;
    "N/A";
    "<interactive>";
    "tb_accumulator.v";
    "accumulator.v";
